============================================================
ML Demand Zone Trading Pipeline
============================================================
Loading dataset...
  Loaded 27638 signals

Preparing features (target: hit_target)...
  Handling missing values...
  Features: 56 columns
  Target distribution: {0: 24029, 1: 3609}

Chronological split (train: 70%, val: 15%, test: 15%)...
  Train: 19346 samples (2019-07-30 00:00:00 to 2024-10-22 00:00:00)
  Val: 4146 samples (2024-10-22 00:00:00 to 2025-08-29 00:00:00)
  Test: 4146 samples (2025-08-29 00:00:00 to 2026-06-24 00:00:00)

============================================================
Model Comparison
============================================================

--- Random Forest ---

Training Random Forest...
  Random Forest trained

Evaluating model...
  Metrics:
    PRECISION: 0.2474
    RECALL: 0.7199
    F1: 0.3683
    AUC: 0.6963

  Classification Report:
              precision    recall  f1-score   support

           0       0.92      0.60      0.73      3507
           1       0.25      0.72      0.37       639

    accuracy                           0.62      4146
   macro avg       0.58      0.66      0.55      4146
weighted avg       0.82      0.62      0.67      4146


--- XGBoost ---

Training XGBoost...
  XGBoost trained (scale_pos_weight: 7.27)

Evaluating model...
  Metrics:
    PRECISION: 0.2541
    RECALL: 0.5321
    F1: 0.3440
    AUC: 0.6828

  Classification Report:
              precision    recall  f1-score   support

           0       0.89      0.72      0.79      3507
           1       0.25      0.53      0.34       639

    accuracy                           0.69      4146
   macro avg       0.57      0.62      0.57      4146
weighted avg       0.79      0.69      0.73      4146


--- LightGBM ---

Training LightGBM...
  LightGBM trained (scale_pos_weight: 7.27)

Evaluating model...
  Metrics:
    PRECISION: 0.2410
    RECALL: 0.5869
    F1: 0.3417
    AUC: 0.6809

  Classification Report:
              precision    recall  f1-score   support

           0       0.90      0.66      0.76      3507
           1       0.24      0.59      0.34       639

    accuracy                           0.65      4146
   macro avg       0.57      0.63      0.55      4146
weighted avg       0.80      0.65      0.70      4146


============================================================
Model Comparison Results
============================================================
               precision    recall        f1       auc
model                                                 
Random Forest   0.247445  0.719875  0.368295  0.696344
XGBoost         0.254111  0.532081  0.343955  0.682797
LightGBM        0.241003  0.586854  0.341686  0.680943

Best model: Random Forest (AUC: 0.6963)

Training Random Forest...
  Random Forest trained

Optimizing probability threshold (metric: sharpe)...
  Threshold 0.50: Precision=0.247, Recall=0.720, F1=0.368, Sharpe=1.47, Signals=44.8%
  Threshold 0.55: Precision=0.249, Recall=0.603, F1=0.352, Sharpe=1.19, Signals=37.4%
  Threshold 0.60: Precision=0.262, Recall=0.465, F1=0.335, Sharpe=1.42, Signals=27.3%
  Threshold 0.65: Precision=0.240, Recall=0.228, F1=0.234, Sharpe=0.43, Signals=14.7%
  Threshold 0.70: Precision=0.201, Recall=0.055, F1=0.086, Sharpe=-1.49, Signals=4.2%
  Threshold 0.75: Precision=0.294, Recall=0.008, F1=0.015, Sharpe=1.54, Signals=0.4%

  Best threshold: 0.75 (sharpe: 1.537)

Final Test Set Evaluation:

Evaluating model...
  Metrics:
    PRECISION: 0.3750
    RECALL: 0.0048
    F1: 0.0094
    AUC: 0.6890

  Classification Report:
              precision    recall  f1-score   support

           0       0.85      1.00      0.92      3515
           1       0.38      0.00      0.01       631

    accuracy                           0.85      4146
   macro avg       0.61      0.50      0.46      4146
weighted avg       0.78      0.85      0.78      4146


Forward Return Ranking (held-out test set):
  mae: 0.0956
  r2: 0.0000
  spearman_rank_correlation: 0.0886

Sub-$10 Held-out Test Evaluation:

Evaluating model...
  Metrics:
    PRECISION: 0.5000
    RECALL: 0.0161
    F1: 0.0312
    AUC: 0.4904

  Classification Report:
              precision    recall  f1-score   support

           0       0.76      0.99      0.86       395
           1       0.50      0.02      0.03       124

    accuracy                           0.76       519
   macro avg       0.63      0.51      0.45       519
weighted avg       0.70      0.76      0.66       519

  Calculating permutation importance...

Top 10 Out-of-Sample Features:
                   feature  importance
                   atr_pct    0.028774
            zone_width_pct    0.016326
distance_from_52w_high_pct    0.011521
         price_vs_50ma_pct    0.003868
           volume_trend_20    0.003520
            xly_return_20d    0.003228
              zone_touches    0.002968
        price_vs_200ma_pct    0.002433
            xle_return_20d    0.002380
            xlf_return_20d    0.001910

Feature importance plot saved to feature_importance.png

Probability-based filtering (threshold: 0.75)...
  Filtered Metrics:
    precision: 0.3750
    recall: 0.0048
    f1: 0.0094
    signals_kept: 0.0019

Portfolio Backtest (Capital: $10,000, Risk: 2.0%, Stop: 5.0%, Cost: 0.10%)...
  Portfolio Metrics:
    Final Value: $10,697.71
    Total Return: 6.98%
    Number of Trades: 8
    Win Rate: 37.50%
    Avg Return: 2.50%
    Max Drawdown: -4.12%
    Sharpe Ratio: 3.77
    Profit Factor: 1.80

Walk-forward validation (5 splits, threshold: 0.75)...

  Fold 1/5
    Precision: 0.6552
    Recall: 0.0287
    F1: 0.0551
    AUC: 0.7198

  Fold 2/5
    Precision: 0.6667
    Recall: 0.0206
    F1: 0.0400
    AUC: 0.7831

  Fold 3/5
    Precision: 0.7059
    Recall: 0.0575
    F1: 0.1064
    AUC: 0.7913

  Fold 4/5
    Precision: 0.5904
    Recall: 0.0644
    F1: 0.1161
    AUC: 0.7387

  Fold 5/5
    Precision: 0.5156
    Recall: 0.0612
    F1: 0.1095
    AUC: 0.7770

  Average Metrics Across Folds:
    PRECISION: 0.6267
    RECALL: 0.0465
    F1: 0.0854
    AUC: 0.7620

============================================================
ML Pipeline Complete
============================================================
{'precision': 0.375, 'recall': 0.004754358161648178, 'f1': 0.009389671361502348, 'auc': 0.6889585723850467, 'threshold': 0.75, 'return_ranking': {'mae': 0.09559890232848307, 'r2': 6.414194466564105e-06, 'spearman_rank_correlation': np.float64(0.08862437420754576)}, 'sub_10_test': {'precision': 0.5, 'recall': 0.016129032258064516, 'f1': 0.03125, 'auc': 0.490404246631278}, 'trading': {'final_value': 10697.712948337266, 'total_return': 0.06977129483372664, 'num_trades': 8, 'win_rate': np.float64(0.375), 'avg_return': np.float64(0.024999999999999994), 'avg_win': np.float64(0.15), 'avg_loss': np.float64(-0.05), 'max_drawdown': np.float64(-0.04116736000000001), 'sharpe_ratio': np.float64(3.7708778818731385), 'profit_factor': np.float64(1.7999999999999998)}}
